
> dealreg-backend@1.0.0 test
> jest src/__tests__/parsers/ImprovedExtraction.test.ts --verbose

FAIL src/__tests__/parsers/ImprovedExtraction.test.ts (9.799 s)
  Improved Extraction Logic
    MBOX Extraction
      ΓêÜ should extract next steps and new currencies (34 ms)
    Transcript Extraction
      ├ù should extract objections and competitor insights (7 ms)

  ΓùÅ Improved Extraction Logic ΓÇ║ Transcript Extraction ΓÇ║ should extract objections and competitor insights

    expect(received).toBeDefined()

    Received: undefined

      82 |
      83 |             // Check Objections
    > 84 |             expect(deal?.objections).toBeDefined();
         |                                      ^
      85 |             expect(deal?.objections?.length).toBeGreaterThan(0);
      86 |             expect(deal?.objections?.some(o => o.includes('price is a concern'))).toBe(true);
      87 |             expect(deal?.objections?.some(o => o.includes('need approval'))).toBe(true);

      at Object.<anonymous> (src/__tests__/parsers/ImprovedExtraction.test.ts:84:38)

Test Suites: 1 failed, 1 total
Tests:       1 failed, 1 passed, 2 total
Snapshots:   0 total
Time:        10.048 s, estimated 11 s
Ran all test suites matching src/__tests__/parsers/ImprovedExtraction.test.ts.
